Lockfile is up to date, resolution step is skipped
Progress: resolved 1, reused 0, downloaded 0, added 0
Packages: +2
++

   ╭──────────────────────────────────────────────────────────────────╮
   │                                                                  │
   │                Update available! 9.15.9 → 12.6.0.                │
   │   Changelog: https://github.com/pnpm/pnpm/releases/tag/v12.6.0   │
   │            Run "corepack use pnpm@12.6.0" to update.             │
   │                                                                  │
   ╰──────────────────────────────────────────────────────────────────╯

Progress: resolved 2, reused 2, downloaded 0, added 2, done

dependencies:
+ @vercel/analytics 2.0.1
+ bcryptjs 3.0.3


> miltonly@0.1.0 postinstall D:\miltonly-leads
> prisma generate

Prisma schema loaded from prisma\schema.prisma

✔ Generated Prisma Client (v5.22.0) to .\node_modules\.pnpm\@prisma+client@5.22.0_prisma@5.22.0\node_modules\@prisma\client in 318ms

Start by importing your Prisma Client (See: https://pris.ly/d/importing-client)

Tip: Want to react to database changes in your app as they happen? Discover how with Pulse: https://pris.ly/tip-1-pulse

┌─────────────────────────────────────────────────────────┐
│  Update available 5.22.0 -> 8.0.0-rc.15                 │
│                                                         │
│  This is a major update - please follow the guide at    │
│  https://pris.ly/d/major-version-upgrade                │
│                                                         │
│  Run the following to update                            │
│    npm i --save-dev prisma@latest                       │
│    npm i @prisma/client@latest                          │
└─────────────────────────────────────────────────────────┘
Done in 7.2s using pnpm v9.15.9
