https://miltonly.com at 1f3b216c5a990a8e739580cafb0e2e03c04bc6fe against b60aa11f37a7c1ac5c07db2b1bd73d0efc789a4e: 719 street pages; title rungs 1/2/3 642/75/2; meta {"addresses":717,"addresses-short":0,"no-address-data":2}; failures 0

zilio-terrace-milton  (H1 "Zilio Terrace", 13 characters)
  title (61): Zilio Terrace, Milton: homes, sold history, prices | Miltonly
  meta (135): 55 addresses on Zilio Terrace, numbered 1364 to 1526. Every one listed, with its sold history for registered readers. Free to register.
  og:title = title: true; twitter:title = title: true; canonical https://miltonly.com/streets/zilio-terrace-milton; lastmod 2026-09-28T00:00:00.000Z
  before: title (54) Zilio Terrace, Milton: Homes, Prices and Sales History | meta (65) Zilio Terrace, Milton: current listings and the full street read.

scott-boulevard-milton  (H1 "Scott Boulevard", 15 characters)
  title (63): Scott Boulevard, Milton: homes, sold history, prices | Miltonly
  meta (134): 275 addresses on Scott Boulevard, numbered 3 to 939. Every one listed, with its sold history for registered readers. Free to register.
  og:title = title: true; twitter:title = title: true; canonical https://miltonly.com/streets/scott-boulevard-milton; lastmod 2026-09-28T00:00:00.000Z
  before: title (56) Scott Boulevard, Milton: Homes, Prices and Sales History | meta (153) Scott Boulevard, Milton: homes typically $950,000 across 19 sales in the last 12 months. Scott Boulevard is a residential spine running through Milton's.

mae-court-milton  (H1 "Mae Court", 9 characters)
  title (57): Mae Court, Milton: homes, sold history, prices | Miltonly
  meta (127): 8 addresses on Mae Court, numbered 60 to 105. Every one listed, with its sold history for registered readers. Free to register.
  og:title = title: true; twitter:title = title: true; canonical https://miltonly.com/streets/mae-court-milton; lastmod 2026-09-28T00:00:00.000Z
  before: title (50) Mae Court, Milton: Homes, Prices and Sales History | meta (152) Mae Court, Milton: 1 sale in the last 12 months on record, current listings, and the full street read. Mae Court is a quiet cul-de-sac in Campbellville.

weston-drive-milton  (H1 "Weston Drive", 12 characters)
  title (60): Weston Drive, Milton: homes, sold history, prices | Miltonly
  meta (132): 71 addresses on Weston Drive, numbered 117 to 288. Every one listed, with its sold history for registered readers. Free to register.
  og:title = title: true; twitter:title = title: true; canonical https://miltonly.com/streets/weston-drive-milton; lastmod 2026-09-28T00:00:00.000Z
  before: title (53) Weston Drive, Milton: Homes, Prices and Sales History | meta (154) Weston Drive, Milton: homes typically $975,000 across 6 sales in the last 12 months. Weston Drive is a residential street in Milton's Scott neighbourhood.

second-line-nassagaweya-milton  (H1 "Second Line Nassagaweya", 23 characters)
  title (63): Second Line Nassagaweya, Milton: homes, sold history | Miltonly
  meta (147): 110 addresses on Second Line Nassagaweya, numbered 9301 to 14110. Every one listed, with its sold history for registered readers. Free to register.
  og:title = title: true; twitter:title = title: true; canonical https://miltonly.com/streets/second-line-nassagaweya-milton; lastmod 2026-09-28T00:00:00.000Z
  before: title (64) Second Line Nassagaweya, Milton: Homes, Prices and Sales History | meta (153) Second Line Nassagaweya, Milton: 1 lease in the last 12 months on record, current listings, and the full street read. Second Line Nassagaweya is a rural.

nassagaweya-esquesing-townline-milton  (H1 "Nassagaweya Esquesing Townline", 30 characters)
  title (59): Nassagaweya Esquesing Townline, Milton: homes, sold history
  meta (154): 43 addresses on Nassagaweya Esquesing Townline, numbered 10130 to 13344. Every one listed, with its sold history for registered readers. Free to register.
  og:title = title: true; twitter:title = title: true; canonical https://miltonly.com/streets/nassagaweya-esquesing-townline-milton; lastmod 2026-09-28T00:00:00.000Z
  before: title (71) Nassagaweya Esquesing Townline, Milton: Homes, Prices and Sales History | meta (154) Nassagaweya Esquesing Townline, Milton: current listings and the full street read. Nassagaweya Esquesing Townline is a rural road in Milton's far western.
EXIT 0
