
═══ MILTONLY STREET VERIFICATION ═══
target      https://miltonly.com
build       b60aa11 served == expected
sitemap     719 published street pages (derived, not a literal)
streets     full crawl (--streets=sample for the fixed set plus a rotating fifty)
record      DB2 + analytics aggregates loaded
hub record  22 published hubs + DB2 pools loaded
crawled     719 pages · 719 × 200 · 0 other

ASSERT iterated == live sitemap count (719) : PASS

── Every published figure is floored against its own sample
   · pages rendering a hero price: 218
   · pages entitled to a price at all: 218
   · pages with a 90-day sample below threshold: 315
   · pages stating a street-level sample: 218
   · distinct sample windows seen: ~2 years, 12 months
   PASS  prices rendered with NO entitled basis: 0
   PASS  prices that are the sub-k 90-day figure: 0
   PASS  sidebar DOM published with n12 < 5: 0
   PASS  glance DOM published with n12 < 5: 0
   PASS  glance sold-to-ask published with n12 < 5: 0
   PASS  glance Trend published (YoY, no countable sample): 0
   PASS  glance Market state with a sub-k 90-day sample: 0
   PASS  hero basis line malformed: 0
   PASS  page states two different samples for one window: 0
   PASS  hero basis names a sample the page states nowhere else: 0
   PASS  hero price sits on a sub-k sample by the page's own account: 0
   NOTE  0 page(s) state a sample that differs from the record right now — ISR lag, not a defect: street pages are prerendered and the sold-stats cron moves the record under them. Reported so a genuine drift is still visible; not gated, because the page is correctly serving what it was built from.

── Every hub figure declares its source, every link resolves, the ladder is every street
   · hub pages read: 22 of 22
   · figures read (outside the site nav): 1682
   · declared figure kinds: 11
   · ladder rows read: 719
   · ladder rows matched to a crawled street page: 719
   · unique link targets: 962
   · targets fetched here (the rest came from the street crawl): 221
   · sub-k hubs: moffat
   PASS  hub pages read == published hub count: 22
   PASS  figures with no declared source/format/tolerance: 0
   PASS  figures absent while their source is present: 0
   PASS  figures rendered while their source is suppressed: 0
   PASS  figures in the wrong format: 0
   PASS  figures outside their source + tolerance: 0
   PASS  hubs whose ladder count != published street count: 0
   PASS  hubs whose ladder set != published street set: 0
   PASS  ladder rows pointing at a street that was not 200: 0
   PASS  ladder typical != the street page’s typical: 0
   PASS  ladder basis != the street page’s basis: 0
   PASS  ladder silent on one surface only: 0
   PASS  ladder sold count != the street page’s 12-month sales: 0
   PASS  links whose route does not return 200: 0
   PASS  links whose fragment matches no id: 0
   PASS  hubs with no JSON-LD: 0
   PASS  hubs with unparseable JSON-LD: 0
   PASS  hubs whose JSON-LD ItemList != the ladder: 0

═══ PASS · 2 checks · 719 pages · 214s ═══
