[2026-09-25T14:34:15.905Z] card heading "The terms have changed", terms head "Terms of use, version 4", data-vow-terms-version=4, ol list-style-type=decimal
[2026-09-25T14:34:15.906Z]   1. [i] display=list-item weight=400 "I am entering into a lawful broker-consumer relationship with Aamir Ya…"
[2026-09-25T14:34:15.906Z]   2. [ii] display=list-item weight=400 "All MLS® data I obtain through this VOW is for my personal, non-commer…"
[2026-09-25T14:34:15.906Z]   3. [iii] display=list-item weight=400 "I have a bona fide interest in the purchase, sale or lease of real est…"
[2026-09-25T14:34:15.906Z]   4. [iv] display=list-item weight=400 "I will not copy, redistribute, retransmit or otherwise use any of the …"
[2026-09-25T14:34:15.906Z]   5. [v] display=list-item weight=400 "I acknowledge that PropTx Innovations Inc. (PropTx) owns, and holds th…"
[2026-09-25T14:34:15.906Z]   6. [vi] display=list-item weight=400 "I will not display, post, disseminate, distribute, publish, broadcast,…"
[2026-09-25T14:34:15.906Z]   7. [vii] display=list-item weight=400 "My agreement here, by a mouse click or a tap, is sufficient to acknowl…"
[2026-09-25T14:34:15.906Z]   8. [viii] display=list-item weight=400 "I expressly authorize PropTx and other PropTx Members to access this V…"
[2026-09-25T14:34:15.906Z]   9. [ix] display=list-item weight=700 <strong> "I have read the privacy policy at miltonly.com/privacy and I consent t…"
[2026-09-25T14:34:15.906Z]   10. [signin] display=list-item weight=400 "My username is my email address and my password is mine alone; I will …"
[2026-09-25T14:34:15.906Z] PASS terms version 4 on the card
[2026-09-25T14:34:15.906Z] PASS ten clauses (10)
[2026-09-25T14:34:15.906Z] PASS numbered: ol decimal, every li a list-item
[2026-09-25T14:34:15.907Z] PASS clause 9 (ix) is the only bold clause (ix)
[2026-09-25T14:34:16.962Z] sign-in row gta…@gmail.com: terms v4, registrant false, password set 2026-09-20T17:22:40.093Z
[2026-09-25T14:34:22.738Z] signed in, landed /streets/farmstead-drive-milton; card shown: false; sold rows served: 12
[2026-09-25T14:34:22.738Z] /api/auth/me: termsVersion=4 needsAcknowledgement=false needsReconsent=false needsPassword=false needsPasswordRenewal=false needsRegistrantAnswer=false passwordExpiresAt=2026-12-19T13:22:40.093Z
[2026-09-25T14:34:22.738Z] PASS a current row reads the street's sold records with no card
[2026-09-25T14:34:25.008Z]   trail row: 2026-09-25T18:23:24.250Z listing-vow W13827044 path=/api/listings/W13827044/vow n=1 ip=::1 ua=miltonly-verify…
[2026-09-25T14:34:25.009Z]   trail row: 2026-09-25T18:23:25.567Z listings-grid active:all path=/listings n=36 ip=::1 ua=miltonly-verify…
[2026-09-25T14:34:25.009Z]   trail row: 2026-09-25T18:23:34.555Z listing-vow W13827044 path=/api/listings/W13827044/vow n=1 ip=::1 ua=Mozilla/5.0 (Windows NT 10.0; Win64; x64…
[2026-09-25T14:34:25.009Z]   trail row: 2026-09-25T18:26:39.231Z listing-vow W13827044 path=/api/listings/W13827044/vow n=1 ip=::1 ua=miltonly-verify…
[2026-09-25T14:34:25.009Z]   trail row: 2026-09-25T18:26:39.971Z listings-grid active:all path=/listings n=36 ip=::1 ua=miltonly-verify…
[2026-09-25T14:34:25.009Z]   trail row: 2026-09-25T18:26:48.498Z listing-vow W13827044 path=/api/listings/W13827044/vow n=1 ip=::1 ua=Mozilla/5.0 (Windows NT 10.0; Win64; x64…
[2026-09-25T14:34:25.009Z]   trail row: 2026-09-25T18:34:22.245Z street-records farmstead-drive-milton path=/api/streets/farmstead-drive-milton/sold-records n=12 ip=::1 ua=Mozilla/5.0 (Windows NT 10.0; Win64; x64…
[2026-09-25T14:34:25.009Z] PASS a street-records row for farmstead-drive-milton written by the read (10 -> 11 rows for this user)
[2026-09-25T14:34:25.044Z] without the admin cookie: 401 application/json
[2026-09-25T14:34:25.044Z] PASS 401 without the admin cookie
[2026-09-25T14:34:25.063Z] admin sign-in: 200, cookie issued
[2026-09-25T14:34:25.249Z] with the admin cookie: 200 text/csv; charset=utf-8; attachment; filename="vow-access-2026-09-25-to-2026-09-26.csv"; cache-control no-store
[2026-09-25T14:34:25.249Z]   header: at,userId,email,name,registrant,reviewFlag,kind,scope,path,recordCount,ip,userAgent
[2026-09-25T14:34:25.249Z]   7 data rows for 2026-09-25; rows naming farmstead-drive-milton: 1
[2026-09-25T14:34:25.249Z] PASS CSV with the admin cookie, carrying today's read
[2026-09-25T14:34:25.425Z] PORTAL PROOF: ALL PASS
EXIT 0
