15:40:50
=== 05-homepage-valuation 15:40:50
lead:* keys: 80; ip keys: 69; keys naming the test inbox: 0
05-homepage-valuation: SUCCESS
  GET /api/auth/me 
  200 /api/auth/me {"user":null}
  POST /api/leads/create {"source":"homepage-valuation","intent":"sell","name":"Lead 0013","phone":"647-000-0013","email":"gtahomequest+ml013-homepage-valuation@gmail.com","consent":true,"consentText":"I consent to receive a written home valuation by email, a confirmation SMS, and follow-up communication from Aamir Yaqoob (
  200 /api/leads/create {"ok":true,"lead_id":"cmulnkgdp000cpcbd0hgozsik","env":"production"}
=== 07-sale-detail 15:43:40
lead:* keys: 74; ip keys: 61; keys naming the test inbox: 2
   lead:email:day:gtahomequest@gmail.com:20724 1
   lead:email:gtahomequest@gmail.com:497395 1
deleted 2 test-inbox keys
07-sale-detail: SUCCESS
  GET /api/auth/me 
  200 /api/auth/me {"user":null}
  POST /api/leads/create {"source":"sale-detail","intent":"buy","name":"ML013 test contact","phone":"6470000013","email":"gtahomequest+ml013-sale-detail@gmail.com","property_address":"266 Woodley Crescent, Milton, on L9t 8c4","mlsNumber":"W13832706","consentText":"By sending, you agree that Aamir Yaqoob (RE/MAX Realty Speci
  200 /api/leads/create {"ok":true,"lead_id":"cmulno01j000fpcbd7v807tge","env":"production"}
=== 09-rental-detail-book 15:46:26
lead:* keys: 74; ip keys: 61; keys naming the test inbox: 2
   lead:email:day:gtahomequest@gmail.com:20724 1
   lead:email:gtahomequest@gmail.com:497395 1
deleted 2 test-inbox keys
09-rental-detail-book: SUCCESS
  GET /api/auth/me 
  200 /api/auth/me {"user":null}
  POST /api/leads/create {"source":"rental-detail-book","intent":"rent","name":"ML013 test rental booking","email":"gtahomequest+ml013-rental-book@gmail.com","phone":"6470000013","notes":"","property_address":"479 Vaughan Court, Milton, on L9t 8a6","mlsNumber":"W13832868","consentText":"By sending, you agree that Aamir Yaqo
  200 /api/leads/create {"ok":true,"lead_id":"cmulnrldt0005fsyh56iqq2lr","env":"production"}
=== 08-condo-contact 15:49:13
lead:* keys: 74; ip keys: 61; keys naming the test inbox: 2
   lead:email:day:gtahomequest@gmail.com:20724 1
   lead:email:gtahomequest@gmail.com:497395 1
deleted 2 test-inbox keys
08-condo-contact: SUCCESS
  step failed: tap Accept: no visible element with text "Accept"
  GET /api/auth/me 
  200 /api/auth/me {"user":null}
  POST /api/leads/create {"source":"condo-building-contact","intent":"buy","name":"ML013 test contact","email":"gtahomequest+ml013-condo-contact@gmail.com","phone":"","property_address":"610 Farmstead Drive","neighbourhood":"Willmott","notes":"ML-013 test submission, delete me [re: 610 Farmstead Drive]","consentText":"By se
  200 /api/leads/create {"ok":true,"lead_id":"cmulnv5d30008fsyh8521d5n7","env":"production"}
=== done 15:49:29
