ok   / @360: font 14px, strip 44px, nav bottom 111, h1 126
ok   / @390: font 14px, strip 44px, nav bottom 111, h1 126
ok   / @800: font 14px, strip 30px, nav bottom 97, h1 112
ok   / @1024: font 14px, strip 30px, nav bottom 97, h1 112
ok   / @1280: font 14px, strip 30px, nav bottom 97, h1 112
ok   /streets/mccready-drive-milton @360: font 14px, strip 44px, nav bottom 111, h1 223
ok   /streets/mccready-drive-milton @390: font 14px, strip 44px, nav bottom 111, h1 223
ok   /streets/mccready-drive-milton @800: font 14px, strip 30px, nav bottom 97, h1 184
ok   /streets/mccready-drive-milton @1024: font 14px, strip 30px, nav bottom 97, h1 184
ok   /streets/mccready-drive-milton @1280: font 14px, strip 30px, nav bottom 97, h1 184
ok   /listings/W13833302 @360: font 14px, strip 44px, nav bottom 111, h1 654
ok   /listings/W13833302 @390: font 14px, strip 44px, nav bottom 111, h1 654
ok   /listings/W13833302 @800: font 14px, strip 30px, nav bottom 97, h1 640
ok   /listings/W13833302 @1024: font 14px, strip 30px, nav bottom 97, h1 700
ok   /listings/W13833302 @1280: font 14px, strip 30px, nav bottom 97, h1 700
ok   /listings/W13833136 @360: font 14px, strip 44px, nav bottom 111, h1 654
ok   /listings/W13833136 @390: font 14px, strip 44px, nav bottom 111, h1 654
ok   /listings/W13833136 @800: font 14px, strip 30px, nav bottom 97, h1 640
ok   /listings/W13833136 @1024: font 14px, strip 30px, nav bottom 97, h1 700
ok   /listings/W13833136 @1280: font 14px, strip 30px, nav bottom 97, h1 700
ok   /listings @360: font 14px, strip 44px, nav bottom 111, h1 228
ok   /listings @390: font 14px, strip 44px, nav bottom 111, h1 228
ok   /listings @800: font 14px, strip 30px, nav bottom 97, h1 214
ok   /listings @1024: font 14px, strip 30px, nav bottom 97, h1 214
ok   /listings @1280: font 14px, strip 30px, nav bottom 97, h1 214
ok   /rentals @360: font 14px, strip 44px, nav bottom 111, h1 240
ok   /rentals @390: font 14px, strip 44px, nav bottom 111, h1 240
ok   /rentals @800: font 14px, strip 30px, nav bottom 97, h1 191
ok   /rentals @1024: font 14px, strip 30px, nav bottom 97, h1 331
ok   /rentals @1280: font 14px, strip 30px, nav bottom 97, h1 263
ok   /rent @360: font 14px, strip 44px, nav bottom 111, h1 240
ok   /rent @390: font 14px, strip 44px, nav bottom 111, h1 240
ok   /rent @800: font 14px, strip 30px, nav bottom 97, h1 191
ok   /rent @1024: font 14px, strip 30px, nav bottom 97, h1 331
ok   /rent @1280: font 14px, strip 30px, nav bottom 97, h1 263
ok   /sold @360: font 14px, strip 44px, nav bottom 111, h1 188
ok   /sold @390: font 14px, strip 44px, nav bottom 111, h1 188
ok   /sold @800: font 14px, strip 30px, nav bottom 97, h1 186
ok   /sold @1024: font 14px, strip 30px, nav bottom 97, h1 186
ok   /sold @1280: font 14px, strip 30px, nav bottom 97, h1 186
ok   /neighbourhoods/bronte-meadows @360: font 14px, strip 44px, nav bottom 111, h1 177
ok   /neighbourhoods/bronte-meadows @390: font 14px, strip 44px, nav bottom 111, h1 177
ok   /neighbourhoods/bronte-meadows @800: font 14px, strip 30px, nav bottom 97, h1 175
ok   /neighbourhoods/bronte-meadows @1024: font 14px, strip 30px, nav bottom 97, h1 175
ok   /neighbourhoods/bronte-meadows @1280: font 14px, strip 30px, nav bottom 97, h1 175
ok   /neighbourhoods @360: font 14px, strip 44px, nav bottom 111, h1 184
ok   /neighbourhoods @390: font 14px, strip 44px, nav bottom 111, h1 184
ok   /neighbourhoods @800: font 14px, strip 30px, nav bottom 97, h1 182
ok   /neighbourhoods @1024: font 14px, strip 30px, nav bottom 97, h1 182
ok   /neighbourhoods @1280: font 14px, strip 30px, nav bottom 97, h1 182
ok   /condos/1105-leger-way-milton @360: font 14px, strip 44px, nav bottom 111, h1 194
ok   /condos/1105-leger-way-milton @390: font 14px, strip 44px, nav bottom 111, h1 194
ok   /condos/1105-leger-way-milton @800: font 14px, strip 30px, nav bottom 97, h1 180
ok   /condos/1105-leger-way-milton @1024: font 14px, strip 30px, nav bottom 97, h1 180
ok   /condos/1105-leger-way-milton @1280: font 14px, strip 30px, nav bottom 97, h1 180
ok   /condos @360: font 14px, strip 44px, nav bottom 111, h1 184
ok   /condos @390: font 14px, strip 44px, nav bottom 111, h1 184
ok   /condos @800: font 14px, strip 30px, nav bottom 97, h1 182
ok   /condos @1024: font 14px, strip 30px, nav bottom 97, h1 182
ok   /condos @1280: font 14px, strip 30px, nav bottom 97, h1 182
ok   /schools/chris-hadfield-ps @360: font 14px, strip 44px, nav bottom 111, h1 221
ok   /schools/chris-hadfield-ps @390: font 14px, strip 44px, nav bottom 111, h1 221
ok   /schools/chris-hadfield-ps @800: font 14px, strip 30px, nav bottom 97, h1 219
ok   /schools/chris-hadfield-ps @1024: font 14px, strip 30px, nav bottom 97, h1 219
ok   /schools/chris-hadfield-ps @1280: font 14px, strip 30px, nav bottom 97, h1 219
ok   /schools @360: font 14px, strip 44px, nav bottom 111, h1 222
ok   /schools @390: font 14px, strip 44px, nav bottom 111, h1 222
ok   /schools @800: font 14px, strip 30px, nav bottom 97, h1 220
ok   /schools @1024: font 14px, strip 30px, nav bottom 97, h1 220
ok   /schools @1280: font 14px, strip 30px, nav bottom 97, h1 220
ok   /mosques/halton-islamic-community-centre @360: font 14px, strip 44px, nav bottom 111, h1 221
ok   /mosques/halton-islamic-community-centre @390: font 14px, strip 44px, nav bottom 111, h1 221
ok   /mosques/halton-islamic-community-centre @800: font 14px, strip 30px, nav bottom 97, h1 219
ok   /mosques/halton-islamic-community-centre @1024: font 14px, strip 30px, nav bottom 97, h1 219
ok   /mosques/halton-islamic-community-centre @1280: font 14px, strip 30px, nav bottom 97, h1 219
ok   /mosques @360: font 14px, strip 44px, nav bottom 111, h1 222
ok   /mosques @390: font 14px, strip 44px, nav bottom 111, h1 222
ok   /mosques @800: font 14px, strip 30px, nav bottom 97, h1 220
ok   /mosques @1024: font 14px, strip 30px, nav bottom 97, h1 220
ok   /mosques @1280: font 14px, strip 30px, nav bottom 97, h1 220
ok   /guides/what-milton-neighbourhoods-cost @360: font 14px, strip 44px, nav bottom 111, h1 214
ok   /guides/what-milton-neighbourhoods-cost @390: font 14px, strip 44px, nav bottom 111, h1 214
ok   /guides/what-milton-neighbourhoods-cost @800: font 14px, strip 30px, nav bottom 97, h1 180
ok   /guides/what-milton-neighbourhoods-cost @1024: font 14px, strip 30px, nav bottom 97, h1 180
ok   /guides/what-milton-neighbourhoods-cost @1280: font 14px, strip 30px, nav bottom 97, h1 180
ok   /guides @360: font 14px, strip 44px, nav bottom 111, h1 194
ok   /guides @390: font 14px, strip 44px, nav bottom 111, h1 194
ok   /guides @800: font 14px, strip 30px, nav bottom 97, h1 180
ok   /guides @1024: font 14px, strip 30px, nav bottom 97, h1 180
ok   /guides @1280: font 14px, strip 30px, nav bottom 97, h1 180
ok   /market-watch/2026-09-21 @360: font 14px, strip 44px, nav bottom 111, h1 199
ok   /market-watch/2026-09-21 @390: font 14px, strip 44px, nav bottom 111, h1 199
ok   /market-watch/2026-09-21 @800: font 14px, strip 30px, nav bottom 97, h1 199
ok   /market-watch/2026-09-21 @1024: font 14px, strip 30px, nav bottom 97, h1 199
ok   /market-watch/2026-09-21 @1280: font 14px, strip 30px, nav bottom 97, h1 199
ok   /market-watch @360: font 14px, strip 44px, nav bottom 111, h1 199
ok   /market-watch @390: font 14px, strip 44px, nav bottom 111, h1 199
ok   /market-watch @800: font 14px, strip 30px, nav bottom 97, h1 199
ok   /market-watch @1024: font 14px, strip 30px, nav bottom 97, h1 199
ok   /market-watch @1280: font 14px, strip 30px, nav bottom 97, h1 199
ok   /compare @360: font 14px, strip 44px, nav bottom 111, h1 204
ok   /compare @390: font 14px, strip 44px, nav bottom 111, h1 204
ok   /compare @800: font 14px, strip 30px, nav bottom 97, h1 190
ok   /compare @1024: font 14px, strip 30px, nav bottom 97, h1 190
ok   /compare @1280: font 14px, strip 30px, nav bottom 97, h1 190
ok   /compare/freehold-vs-condo @360: font 14px, strip 44px, nav bottom 111, h1 204
ok   /compare/freehold-vs-condo @390: font 14px, strip 44px, nav bottom 111, h1 204
ok   /compare/freehold-vs-condo @800: font 14px, strip 30px, nav bottom 97, h1 190
ok   /compare/freehold-vs-condo @1024: font 14px, strip 30px, nav bottom 97, h1 190
ok   /compare/freehold-vs-condo @1280: font 14px, strip 30px, nav bottom 97, h1 190
ok   /sell @360: font 14px, strip 44px, nav bottom 111, h1 188
ok   /sell @390: font 14px, strip 44px, nav bottom 111, h1 188
ok   /sell @800: font 14px, strip 30px, nav bottom 97, h1 190
ok   /sell @1024: font 14px, strip 30px, nav bottom 97, h1 213
ok   /sell @1280: font 14px, strip 30px, nav bottom 97, h1 208
ok   /value/bronte-meadows @360: font 14px, strip 44px, nav bottom 111, h1 188
ok   /value/bronte-meadows @390: font 14px, strip 44px, nav bottom 111, h1 188
ok   /value/bronte-meadows @800: font 14px, strip 30px, nav bottom 97, h1 190
ok   /value/bronte-meadows @1024: font 14px, strip 30px, nav bottom 97, h1 190
ok   /value/bronte-meadows @1280: font 14px, strip 30px, nav bottom 97, h1 190
ok   /freehold @360: font 14px, strip 44px, nav bottom 111, h1 196
ok   /freehold @390: font 14px, strip 44px, nav bottom 111, h1 196
ok   /freehold @800: font 14px, strip 30px, nav bottom 97, h1 182
ok   /freehold @1024: font 14px, strip 30px, nav bottom 97, h1 184
ok   /freehold @1280: font 14px, strip 30px, nav bottom 97, h1 182
ok   /potl @360: font 14px, strip 44px, nav bottom 111, h1 196
ok   /potl @390: font 14px, strip 44px, nav bottom 111, h1 196
ok   /potl @800: font 14px, strip 30px, nav bottom 97, h1 182
ok   /potl @1024: font 14px, strip 30px, nav bottom 97, h1 182
ok   /potl @1280: font 14px, strip 30px, nav bottom 97, h1 182
ok   /condos-guide @360: font 14px, strip 44px, nav bottom 111, h1 196
ok   /condos-guide @390: font 14px, strip 44px, nav bottom 111, h1 196
ok   /condos-guide @800: font 14px, strip 30px, nav bottom 97, h1 182
ok   /condos-guide @1024: font 14px, strip 30px, nav bottom 97, h1 196
ok   /condos-guide @1280: font 14px, strip 30px, nav bottom 97, h1 205
ok   /exclusive @360: font 14px, strip 44px, nav bottom 111, h1 205
ok   /exclusive @390: font 14px, strip 44px, nav bottom 111, h1 205
ok   /exclusive @800: font 14px, strip 30px, nav bottom 97, h1 191
ok   /exclusive @1024: font 14px, strip 30px, nav bottom 97, h1 191
ok   /exclusive @1280: font 14px, strip 30px, nav bottom 97, h1 191
ok   /about @360: font 14px, strip 44px, nav bottom 111, h1 190
ok   /about @390: font 14px, strip 44px, nav bottom 111, h1 190
ok   /about @800: font 14px, strip 30px, nav bottom 97, h1 176
ok   /about @1024: font 14px, strip 30px, nav bottom 97, h1 176
ok   /about @1280: font 14px, strip 30px, nav bottom 97, h1 176
ok   /terms @360: font 14px, strip 44px, nav bottom 111, h1 200
ok   /terms @390: font 14px, strip 44px, nav bottom 111, h1 200
ok   /terms @800: font 14px, strip 30px, nav bottom 97, h1 202
ok   /terms @1024: font 14px, strip 30px, nav bottom 97, h1 202
ok   /terms @1280: font 14px, strip 30px, nav bottom 97, h1 202
ok   /privacy @360: font 14px, strip 44px, nav bottom 111, h1 200
ok   /privacy @390: font 14px, strip 44px, nav bottom 111, h1 200
ok   /privacy @800: font 14px, strip 30px, nav bottom 97, h1 202
ok   /privacy @1024: font 14px, strip 30px, nav bottom 97, h1 202
ok   /privacy @1280: font 14px, strip 30px, nav bottom 97, h1 202
ok   /privacy/request @360: font 14px, strip 44px, nav bottom 111, h1 200
ok   /privacy/request @390: font 14px, strip 44px, nav bottom 111, h1 200
ok   /privacy/request @800: font 14px, strip 30px, nav bottom 97, h1 202
ok   /privacy/request @1024: font 14px, strip 30px, nav bottom 97, h1 202
ok   /privacy/request @1280: font 14px, strip 30px, nav bottom 97, h1 202
ok   /signin @360: font 14px, strip 44px, nav bottom 111, h1 150
ok   /signin @390: font 14px, strip 44px, nav bottom 111, h1 150
ok   /signin @800: font 14px, strip 30px, nav bottom 97, h1 136
ok   /signin @1024: font 14px, strip 30px, nav bottom 97, h1 136
ok   /signin @1280: font 14px, strip 30px, nav bottom 97, h1 136
ok   /saved @360: font 14px, strip 44px, nav bottom 111, h1 524
ok   /saved @390: font 14px, strip 44px, nav bottom 111, h1 524
ok   /saved @800: font 14px, strip 30px, nav bottom 97, h1 510
ok   /saved @1024: font 14px, strip 30px, nav bottom 97, h1 510
ok   /saved @1280: font 14px, strip 30px, nav bottom 97, h1 510
ok   /book @360: font 14px, strip 44px, nav bottom 111, h1 177
ok   /book @390: font 14px, strip 44px, nav bottom 111, h1 177
ok   /book @800: font 14px, strip 30px, nav bottom 97, h1 163
ok   /book @1024: font 14px, strip 30px, nav bottom 97, h1 163
ok   /book @1280: font 14px, strip 30px, nav bottom 97, h1 163
ok   /rentals/ads @360: font 14px, strip 45px, nav bottom 104, h1 128
ok   /rentals/ads @390: font 14px, strip 45px, nav bottom 104, h1 128
ok   /rentals/ads @800: font 14px, strip 27px, nav bottom 86, h1 126
ok   /rentals/ads @1024: font 14px, strip 27px, nav bottom 86, h1 150
ok   /rentals/ads @1280: font 14px, strip 27px, nav bottom 86, h1 150
ok   /rentals/ads/W13833136 @360: font 14px, strip 45px, nav bottom 104, h1 null
ok   /rentals/ads/W13833136 @390: font 14px, strip 45px, nav bottom 104, h1 null
ok   /rentals/ads/W13833136 @800: font 14px, strip 27px, nav bottom 86, h1 null
ok   /rentals/ads/W13833136 @1024: font 14px, strip 27px, nav bottom 86, h1 null
ok   /rentals/ads/W13833136 @1280: font 14px, strip 27px, nav bottom 86, h1 null
ok   /sales/ads/W13833302 @360: font 14px, strip 45px, nav bottom 104, h1 null
ok   /sales/ads/W13833302 @390: font 14px, strip 45px, nav bottom 104, h1 null
ok   /sales/ads/W13833302 @800: font 14px, strip 27px, nav bottom 86, h1 null
ok   /sales/ads/W13833302 @1024: font 14px, strip 27px, nav bottom 86, h1 null
ok   /sales/ads/W13833302 @1280: font 14px, strip 27px, nav bottom 86, h1 null
ok   /streets @360: font 14px, strip 44px, nav bottom 111, h1 184
ok   /streets @390: font 14px, strip 44px, nav bottom 111, h1 184
ok   /streets @800: font 14px, strip 30px, nav bottom 97, h1 182
ok   /streets @1024: font 14px, strip 30px, nav bottom 97, h1 182
ok   /streets @1280: font 14px, strip 30px, nav bottom 97, h1 182
ok   /blog @360: font 14px, strip 44px, nav bottom 111, h1 252
ok   /blog @390: font 14px, strip 44px, nav bottom 111, h1 264
ok   /blog @800: font 14px, strip 30px, nav bottom 97, h1 276
ok   /blog @1024: font 14px, strip 30px, nav bottom 97, h1 249
ok   /blog @1280: font 14px, strip 30px, nav bottom 97, h1 249
ok   /zz-not-found-mc047 @360: font 14px, strip 44px, nav bottom 111, h1 258
ok   /zz-not-found-mc047 @390: font 14px, strip 44px, nav bottom 111, h1 284
ok   /zz-not-found-mc047 @800: font 14px, strip 30px, nav bottom 97, h1 299
ok   /zz-not-found-mc047 @1024: font 14px, strip 30px, nav bottom 97, h1 299
ok   /zz-not-found-mc047 @1280: font 14px, strip 30px, nav bottom 97, h1 299
205 views, 0 with a problem
