[  1s] sitemap 1356 urls: streets 720, listings 491, condos 60, schools 30, neighbourhoods 22, guides 9, mosques 8, market-watch 5, compare 2, home 1, sell 1, freehold 1, condos-guide 1, potl 1, rentals 1, exclusive 1, about 1, sold 1
[  1s] sweeping 507 of 1356 (cap 507); 147 always, 54 stripped streets pinned, 1145 in rotation
[  5s] swept 100/507
[ 24s] swept 200/507
[ 26s] swept 300/507
[ 28s] swept 400/507
[ 31s] swept 500/507
[ 31s] sweep done: 2xx 507, 510 fetches
[ 40s] lighthouse /neighbourhoods/timberlea perf 94 seo 100 a11y 100 bp 79 lcp 3032 cls 0 tbt 12
[ 46s] lighthouse / perf 86 seo 100 a11y 97 bp 79 lcp 2980 cls 0.001 tbt 249
[ 56s] links: 350 off-sitemap targets, 350 checked, 154 with findings
[ 59s] lighthouse /streets/woodward-avenue-milton perf 81 seo 100 a11y 100 bp 79 lcp 4001 cls 0 tbt 308
[ 63s] lighthouse /streets/beaver-court-milton perf 94 seo 100 a11y 100 bp 79 lcp 3043 cls 0 tbt 73
[ 78s] lighthouse /streets/harvest-drive-milton perf 93 seo 100 a11y 100 bp 79 lcp 3205 cls 0 tbt 55
[ 83s] sample: 40 of 40 pages inspected at 390
[ 83s] lighthouse /streets/scott-boulevard-milton perf 81 seo 100 a11y 100 bp 79 lcp 4313 cls 0 tbt 199
[ 96s] lighthouse /streets/sauve-street-milton perf 93 seo 100 a11y 100 bp 79 lcp 3194 cls 0 tbt 55
[102s] lighthouse /streets/guelph-line-milton perf 91 seo 100 a11y 100 bp 79 lcp 3410 cls 0 tbt 42
[114s] lighthouse /streets/richardson-way-milton perf 93 seo 100 a11y 100 bp 79 lcp 3157 cls 0 tbt 89
[120s] lighthouse /streets/bussel-crescent-milton perf 95 seo 100 a11y 100 bp 79 lcp 2878 cls 0 tbt 47
[133s] lighthouse /streets/main-street-milton perf 85 seo 100 a11y 100 bp 79 lcp 4306 cls 0 tbt 50
[137s] lighthouse /streets/frost-court-milton perf 89 seo 100 a11y 100 bp 79 lcp 3748 cls 0 tbt 8
[137s] report scratchpad\mc050\nightly\2026-09-29.md; open 607 (S1 0 · S2 1 · S3 606 · S4 0); new 607; fixed 0; lh moves 0
[137s] done in 137 s, 580 page fetches, 386 link fetches
