[  1s] sitemap 1346 urls: streets 723, listings 479, condos 60, schools 30, neighbourhoods 22, guides 9, mosques 8, market-watch 4, compare 2, home 1, sell 1, freehold 1, condos-guide 1, potl 1, rentals 1, exclusive 1, about 1, sold 1
[  3s] sweeping 1346 of 1346 (cap 1959); 146 always, 1190 in rotation
[ 20s] swept 100/1346
[ 28s] swept 200/1346
[ 29s] swept 300/1346
[ 30s] swept 400/1346
[ 31s] swept 500/1346
[ 32s] swept 600/1346
[ 49s] swept 700/1346
[ 74s] swept 800/1346
[ 96s] swept 900/1346
[121s] swept 1000/1346
[146s] swept 1100/1346
[168s] swept 1200/1346
[183s] swept 1300/1346
[189s] sweep done: 2xx 1346, 1347 fetches
[219s] links: 393 off-sitemap targets, 393 checked, 198 with findings
[221s] sample: 0 of 0 pages inspected at 390
[221s] report scratchpad\mc042\nightly-rerun\2026-09-23.md; open 2515 (S1 0 · S2 30 · S3 2485 · S4 0); new 2515; fixed 0; lh moves 0
[221s] done in 221 s, 1794 fetches
EXIT 0
