[
 {
  "file": "scratchpad/mh013/shots/d-p1-desktop-1280-first-screen.png",
  "status": 200
 },
 {
  "file": "scratchpad/mh013/shots/d-p1-desktop-1280-hero.png"
 },
 {
  "file": "scratchpad/mh013/shots/d-p1-phone-390-first-screen.png",
  "status": 200
 },
 {
  "file": "scratchpad/mh013/shots/d-p1-phone-390-hero.png"
 },
 {
  "file": "scratchpad/mh013/shots/d-p1-small-360-first-screen.png",
  "status": 200
 },
 {
  "file": "scratchpad/mh013/shots/d-p2-desktop-1280-first-screen.png",
  "status": 200
 },
 {
  "file": "scratchpad/mh013/shots/d-p2-desktop-1280-hero.png"
 },
 {
  "file": "scratchpad/mh013/shots/d-p2-phone-390-first-screen.png",
  "status": 200
 },
 {
  "file": "scratchpad/mh013/shots/d-p2-phone-390-hero.png"
 },
 {
  "file": "scratchpad/mh013/shots/d-p2-small-360-first-screen.png",
  "status": 200
 },
 {
  "file": "scratchpad/mh013/shots/d-p3-desktop-1280-first-screen.png",
  "status": 200
 },
 {
  "file": "scratchpad/mh013/shots/d-p3-desktop-1280-hero.png"
 },
 {
  "file": "scratchpad/mh013/shots/d-p3-phone-390-first-screen.png",
  "status": 200
 },
 {
  "file": "scratchpad/mh013/shots/d-p3-phone-390-hero.png"
 },
 {
  "file": "scratchpad/mh013/shots/d-p3-small-360-first-screen.png",
  "status": 200
 },
 {
  "file": "scratchpad/mh013/shots/c-p1-desktop-1280-first-screen.png",
  "status": 200
 },
 {
  "file": "scratchpad/mh013/shots/c-p1-desktop-1280-hero.png"
 },
 {
  "file": "scratchpad/mh013/shots/c-p1-phone-390-first-screen.png",
  "status": 200
 },
 {
  "file": "scratchpad/mh013/shots/c-p1-phone-390-hero.png"
 },
 {
  "file": "scratchpad/mh013/shots/c-p1-small-360-first-screen.png",
  "status": 200
 },
 {
  "file": "scratchpad/mh013/shots/c-p2-desktop-1280-first-screen.png",
  "status": 200
 },
 {
  "file": "scratchpad/mh013/shots/c-p2-desktop-1280-hero.png"
 },
 {
  "file": "scratchpad/mh013/shots/c-p2-phone-390-first-screen.png",
  "status": 200
 },
 {
  "file": "scratchpad/mh013/shots/c-p2-phone-390-hero.png"
 },
 {
  "file": "scratchpad/mh013/shots/c-p2-small-360-first-screen.png",
  "status": 200
 },
 {
  "file": "scratchpad/mh013/shots/c-p3-desktop-1280-first-screen.png",
  "status": 200
 },
 {
  "file": "scratchpad/mh013/shots/c-p3-desktop-1280-hero.png"
 },
 {
  "file": "scratchpad/mh013/shots/c-p3-phone-390-first-screen.png",
  "status": 200
 },
 {
  "file": "scratchpad/mh013/shots/c-p3-phone-390-hero.png"
 },
 {
  "file": "scratchpad/mh013/shots/c-p3-small-360-first-screen.png",
  "status": 200
 }
]
