/rentals active count 1281; /listings H1 "Homes for sale in "
d1 @360x640: 200 theme=#14294a green=0 leadButtons=[Send me the brief → | List your rental with Aamir → | Get my home's value | Book a showing | Get my home's value | Send me the brief | Send me the brief] texts=282 minContrast=4.76 lowOverImage=0 smallHero=0 tiny=0 overflow=0 first={"sell":true,"buy":true,"sellBottom":373,"buyBottom":513,"sellFirst":true} rent=1281
d1 @390x844: 200 theme=#14294a green=0 leadButtons=[Send me the brief → | List your rental with Aamir → | Get my home's value | Book a showing | Get my home's value | Send me the brief | Send me the brief] texts=282 minContrast=4.76 lowOverImage=0 smallHero=0 tiny=0 overflow=0 first={"sell":true,"buy":true,"sellBottom":373,"buyBottom":513,"sellFirst":true} rent=1281
d1 @1280x800: 200 theme=#14294a green=0 leadButtons=[Send me the brief → | List your rental with Aamir → | Get my home's value | Book a showing | Get my home's value | Send me the brief | Send me the brief] texts=295 minContrast=4.76 lowOverImage=0 smallHero=0 tiny=0 overflow=0 first={"sell":true,"buy":true,"sellBottom":662,"buyBottom":662,"sellFirst":true} rent=1281
d2 @360x640: 200 theme=#0c1a2e green=0 leadButtons=[Send me the brief → | List your rental with Aamir → | Get my home's value | Book a showing | Get my home's value | Send me the brief | Send me the brief] texts=282 minContrast=4.76 lowOverImage=0 smallHero=0 tiny=0 overflow=0 first={"sell":true,"buy":true,"sellBottom":373,"buyBottom":513,"sellFirst":true} rent=1281
d2 @390x844: 200 theme=#0c1a2e green=0 leadButtons=[Send me the brief → | List your rental with Aamir → | Get my home's value | Book a showing | Get my home's value | Send me the brief | Send me the brief] texts=282 minContrast=4.76 lowOverImage=0 smallHero=0 tiny=0 overflow=0 first={"sell":true,"buy":true,"sellBottom":373,"buyBottom":513,"sellFirst":true} rent=1281
d2 @1280x800: 200 theme=#0c1a2e green=0 leadButtons=[Send me the brief → | List your rental with Aamir → | Get my home's value | Book a showing | Get my home's value | Send me the brief | Send me the brief] texts=295 minContrast=4.76 lowOverImage=0 smallHero=0 tiny=0 overflow=0 first={"sell":true,"buy":true,"sellBottom":662,"buyBottom":662,"sellFirst":true} rent=1281
d3 @360x640: 200 theme=#203b60 green=0 leadButtons=[Send me the brief → | List your rental with Aamir → | Get my home's value | Book a showing | Get my home's value | Send me the brief | Send me the brief] texts=282 minContrast=4.76 lowOverImage=0 smallHero=0 tiny=0 overflow=0 first={"sell":true,"buy":true,"sellBottom":373,"buyBottom":513,"sellFirst":true} rent=1281
d3 @390x844: 200 theme=#203b60 green=0 leadButtons=[Send me the brief → | List your rental with Aamir → | Get my home's value | Book a showing | Get my home's value | Send me the brief | Send me the brief] texts=282 minContrast=4.76 lowOverImage=0 smallHero=0 tiny=0 overflow=0 first={"sell":true,"buy":true,"sellBottom":373,"buyBottom":513,"sellFirst":true} rent=1281
d3 @1280x800: 200 theme=#203b60 green=0 leadButtons=[Send me the brief → | List your rental with Aamir → | Get my home's value | Book a showing | Get my home's value | Send me the brief | Send me the brief] texts=295 minContrast=4.76 lowOverImage=0 smallHero=0 tiny=0 overflow=0 first={"sell":true,"buy":true,"sellBottom":662,"buyBottom":662,"sellFirst":true} rent=1281
c1 @360x640: 200 theme=#14294a green=0 leadButtons=[Send me the brief → | List your rental with Aamir → | Get my home's value | Book a showing | Get my home's value | Send me the brief | Send me the brief] texts=281 minContrast=4.76 lowOverImage=0 smallHero=0 tiny=0 overflow=0 first={"sell":true,"buy":true,"sellBottom":538,"buyBottom":538,"sellFirst":true} rent=1281
c1 @390x844: 200 theme=#14294a green=0 leadButtons=[Send me the brief → | List your rental with Aamir → | Get my home's value | Book a showing | Get my home's value | Send me the brief | Send me the brief] texts=281 minContrast=4.76 lowOverImage=0 smallHero=0 tiny=0 overflow=0 first={"sell":true,"buy":true,"sellBottom":538,"buyBottom":538,"sellFirst":true} rent=1281
c1 @1280x800: 200 theme=#14294a green=0 leadButtons=[Send me the brief → | List your rental with Aamir → | Get my home's value | Book a showing | Get my home's value | Send me the brief | Send me the brief] texts=294 minContrast=4.76 lowOverImage=0 smallHero=0 tiny=0 overflow=0 first={"sell":true,"buy":true,"sellBottom":602,"buyBottom":626,"sellFirst":true} rent=1281
c2 @360x640: 200 theme=#0c1a2e green=0 leadButtons=[Send me the brief → | List your rental with Aamir → | Get my home's value | Book a showing | Get my home's value | Send me the brief | Send me the brief] texts=281 minContrast=4.76 lowOverImage=0 smallHero=0 tiny=0 overflow=0 first={"sell":true,"buy":true,"sellBottom":538,"buyBottom":538,"sellFirst":true} rent=1281
c2 @390x844: 200 theme=#0c1a2e green=0 leadButtons=[Send me the brief → | List your rental with Aamir → | Get my home's value | Book a showing | Get my home's value | Send me the brief | Send me the brief] texts=281 minContrast=4.76 lowOverImage=0 smallHero=0 tiny=0 overflow=0 first={"sell":true,"buy":true,"sellBottom":538,"buyBottom":538,"sellFirst":true} rent=1281
c2 @1280x800: 200 theme=#0c1a2e green=0 leadButtons=[Send me the brief → | List your rental with Aamir → | Get my home's value | Book a showing | Get my home's value | Send me the brief | Send me the brief] texts=294 minContrast=4.76 lowOverImage=0 smallHero=0 tiny=0 overflow=0 first={"sell":true,"buy":true,"sellBottom":602,"buyBottom":626,"sellFirst":true} rent=1281
c3 @360x640: 200 theme=#203b60 green=0 leadButtons=[Send me the brief → | List your rental with Aamir → | Get my home's value | Book a showing | Get my home's value | Send me the brief | Send me the brief] texts=281 minContrast=4.76 lowOverImage=0 smallHero=0 tiny=0 overflow=0 first={"sell":true,"buy":true,"sellBottom":538,"buyBottom":538,"sellFirst":true} rent=1281
c3 @390x844: 200 theme=#203b60 green=0 leadButtons=[Send me the brief → | List your rental with Aamir → | Get my home's value | Book a showing | Get my home's value | Send me the brief | Send me the brief] texts=281 minContrast=4.76 lowOverImage=0 smallHero=0 tiny=0 overflow=0 first={"sell":true,"buy":true,"sellBottom":538,"buyBottom":538,"sellFirst":true} rent=1281
c3 @1280x800: 200 theme=#203b60 green=0 leadButtons=[Send me the brief → | List your rental with Aamir → | Get my home's value | Book a showing | Get my home's value | Send me the brief | Send me the brief] texts=294 minContrast=4.76 lowOverImage=0 smallHero=0 tiny=0 overflow=0 first={"sell":true,"buy":true,"sellBottom":602,"buyBottom":626,"sellFirst":true} rent=1281
/sitemap.xml: mentions design-preview: false
/robots.txt: mentions design-preview: false
/: mentions design-preview: false
?c: {"o":"c","p":"1","w":"serif"}
?d&p2: {"o":"d","p":"2","w":"serif"}
?d&p3&script: {"o":"d","p":"3","w":"script"}
PASS
